stations:
warrington,8,2
stoke_on_trent,8,3
leek,8,4
belper,8,5
nottingham,8,6

stone,7,2
uttoxeter,7,3
derby,7,5

stafford,6,2
burton_on_trent,6,5

cannock,5,3

shrewsbury,4,0
coalbrookdale,4,1
wolverhampton,4,2
walsall,4,3
tamworth,4,5

dudley,3,2
birmingham,3,4
nuneaton,3,5

kidderminster,1,2
coventry,1,5

worcester,0,2
gloucester,0,3
redditch,0,4
oxford,0,5

connections:
warrington-stoke_on_trent
stoke_on_trent-stone
stoke_on_trent-leek
leek-belper
belper-derby

stone-uttoxeter
stone-burton_on_trent
stone-stafford
uttoxeter-derby
derby-nottingham

stafford-cannock
burton_on_trent-derby

cannock-walsall

shrewsbury-coalbrookdale
coalbrookdale-wolverhampton
coalbrookdale-kidderminster
wolverhampton-cannock
wolverhampton-walsall
wolverhampton-dudley
walsall-tamworth
walsall-birmingham
tamworth-nuneaton

dudley-birmingham
birmingham-tamworth
birmingham-nuneaton
birmingham-coventry
birmingham-oxford
birmingham-redditch
nuneaton-coventry

kidderminster-dudley
kidderminster-worcester

worcester-birmingham
worcester-gloucester
gloucester-redditch
redditch-oxford